// Jest Snapshot v1, https://goo.gl/fbAQLP

exports[`<UserCard /> Should render correctly 1`] = `
.c1 {
  color: #121212;
  font-size: 14px;
  font-family: "NunitoSans-600","sans-serif";
  -webkit-letter-spacing: 0.4px;
  -moz-letter-spacing: 0.4px;
  -ms-letter-spacing: 0.4px;
  letter-spacing: 0.4px;
  margin-bottom: 16px;
}

.c0 {
  border-bottom: 1px solid #E6E6E6;
  padding-bottom: 8px;
  margin-bottom: 24px;
}

<div>
  <div
    class="c0"
  >
    <p
      class="c1"
      color="#121212"
      font-size="14"
      font-weight="600"
    >
      account:email
      : 
    </p>
    <p
      class="c1"
      color="#121212"
      font-size="14"
      font-weight="600"
    >
      account:password
      : 
    </p>
    <p
      class="c1"
      color="#121212"
      font-size="14"
      font-weight="600"
    >
      account:locale
      : 
    </p>
  </div>
</div>
`;
