// Jest Snapshot v1, https://goo.gl/fbAQLP

exports[`<SelectBox /> Should render correctly 1`] = `
.c0 {
  display: -webkit-box;
  display: -webkit-flex;
  display: -ms-flexbox;
  display: flex;
  -webkit-flex-direction: column;
  -ms-flex-direction: column;
  flex-direction: column;
  position: relative;
  margin-bottom: px;
  overflow: hidden;
}

.c1 {
  color: #64738C;
  font-size: 16px;
  font-family: "NunitoSans-500","sans-serif";
  margin-bottom: 10px;
  font-size: 13px;
}

.c2 {
  border: none;
  outline: none;
  border-bottom: 1px solid #64738C;
  padding-bottom: 8px;
  margin-left: -5px;
  width: calc(100% + 5px);
  color: #121212;
  font-size: 16px;
  font-family: "NunitoSans-600","sans-serif";
}

<div>
  <div
    class="c0"
  >
    <label
      class="c1"
    />
    <select
      class="c2"
      data-testid="select"
    />
  </div>
</div>
`;
